<html>
<body>
<pre>
<h1>µVision Build Log</h1>
<h2>Tool Versions:</h2>
IDE-Version: ¦ÌVision V5.35.0.0
Copyright (C) 2021 ARM Ltd and ARM Germany GmbH. All rights reserved.
License Information: sun sunpz, bit, LIC=65ISZ-JR9A0-KPFZY-I6BLF-F08QE-67NHQ
 
Tool Versions:
Toolchain:       MDK-ARM Plus  Version: 5.35.0.2
Toolchain Path:  d:\Keil_v5\ARM\ARMCC\Bin
C Compiler:      Armcc.exe V5.06 update 7 (build 960)
Assembler:       Armasm.exe V5.06 update 7 (build 960)
Linker/Locator:  ArmLink.exe V5.06 update 7 (build 960)
Library Manager: ArmAr.exe V5.06 update 7 (build 960)
Hex Converter:   FromElf.exe V5.06 update 7 (build 960)
CPU DLL:         SARMCM3.DLL V5.35.0.2
Dialog DLL:      DARMCM1.DLL V1.19.4.0
Target DLL:      Segger\JL2CM3.dll V2.99.40.0
Dialog DLL:      TARMCM1.DLL V1.14.4.0
 
<h2>Project:</h2>
C:\Users\sunpz\Desktop\cola_os\bsp\STM32F0xx\STM32F0xx.uvprojx
Project File Date:  02/23/2022

<h2>Output:</h2>
*** Using Compiler 'V5.06 update 7 (build 960)', folder: 'd:\Keil_v5\ARM\ARMCC\Bin'
Rebuild target 'Project_Name'
assembling startup_stm32f030.s...
compiling main.c...
compiling stm32f0xx_it.c...
compiling usart.c...
compiling systick.c...
compiling stm32f0xx_gpio.c...
compiling led.c...
compiling bsp.c...
compiling stm32f0xx_usart.c...
compiling stm32f0xx_rcc.c...
compiling stm32f0xx_misc.c...
compiling cola_os.c...
compiling cola_device.c...
compiling stm32f0xx_rtc.c...
compiling stm32f0xx_pwr.c...
compiling stm32f0xx_exti.c...
compiling cola_init.c...
compiling stm32f0xx_adc.c...
compiling app.c...
compiling system_stm32f0xx.c...
linking...
.\Objects\ExecutableFile.axf: Warning: L6330W: Undefined symbol initcall3init$$Base (referred from cola_init.o). Unused section has been removed.
.\Objects\ExecutableFile.axf: Warning: L6330W: Undefined symbol initcall3init$$Limit (referred from cola_init.o). Unused section has been removed.
Program Size: Code=2840 RO-data=228 RW-data=64 ZI-data=1104  
Finished: 0 information, 2 warning and 0 error messages.
FromELF: creating hex file...
".\Objects\ExecutableFile.axf" - 0 Error(s), 2 Warning(s).

<h2>Software Packages used:</h2>

Package Vendor: Keil
                http://www.keil.com/pack/Keil.STM32F0xx_DFP.1.4.0.pack
                Keil.STM32F0xx_DFP.1.4.0
                STMicroelectronics STM32F0 Series Device Support and Examples

<h2>Collection of Component include folders:</h2>
  d:\Users\sunpz\AppData\Local\Arm\Packs\Keil\STM32F0xx_DFP\1.4.0\Device\Include

<h2>Collection of Component Files used:</h2>
Build Time Elapsed:  00:00:12
</pre>
</body>
</html>
