<html>
<body>
<pre>
<h1>µVision Build Log</h1>
<h2>Tool Versions:</h2>
IDE-Version: ¦ÌVision V5.34.0.0
Copyright (C) 2021 ARM Ltd and ARM Germany GmbH. All rights reserved.
License Information: KEN gongzhengcz@163.com, ZZ, LIC=KRMW3-A7T6N-Z94G9-4TTTG-HXERG-TXU7B
 
Tool Versions:
Toolchain:       MDK-ARM Plus  Version: 5.34.0.0
Toolchain Path:  C:\Keil_v5\ARM\ARMCLANG\Bin
C Compiler:      ArmClang.exe V6.16
Assembler:       Armasm.exe V6.16
Linker/Locator:  ArmLink.exe V6.16
Library Manager: ArmAr.exe V6.16
Hex Converter:   FromElf.exe V6.16
CPU DLL:         
Dialog DLL:      
Target DLL:      STLink\ST-LINKIII-KEIL_SWO.dll V3.0.8.0
Dialog DLL:      TCM.DLL V1.48.0.0
 
<h2>Project:</h2>
D:\GitHub\cola_os\cola_os\bsp\GD32E230xx\MDK-ARM\GD32E230G8U6_ACT.uvprojx
Project File Date:  04/10/2023

<h2>Output:</h2>
*** Using Compiler 'V6.16', folder: 'C:\Keil_v5\ARM\ARMCLANG\Bin'
Rebuild target 'GD32E230G8U6_ACT'
Note: source file '..\..\..\app\main.c' - object file renamed from '.\Objects\main.o' to '.\Objects\main_1.o'.
compiling gd32e23x_dbg.c...
compiling system_gd32e23x.c...
compiling gd32e23x_crc.c...
compiling gd32e23x_adc.c...
compiling gd32e23x_fwdgt.c...
compiling gd32e23x_dma.c...
compiling gd32e23x_misc.c...
compiling gd32e23x_syscfg.c...
compiling gd32e23x_exti.c...
compiling gd32e23x_gpio.c...
compiling gd32e23x_fmc.c...
assembling startup_gd32e23x.s...
compiling gd32e23x_spi.c...
compiling gd32e23x_rtc.c...
compiling gd32e23x_i2c.c...
compiling gd32e23x_rcu.c...
compiling gd32e23x_timer.c...
compiling gd32e23x_wwdgt.c...
compiling gd32e23x_usart.c...
compiling app_water_detection.c...
compiling main.c...
compiling bsp.c...
compiling cola_init.c...
compiling gd32_output.c...
compiling cola_device.c...
compiling gd32_usart.c...
compiling app.c...
compiling gd32_adc.c...
compiling app_uart.c...
compiling cola_os.c...
compiling utils.c...
compiling cola_fifo.c...
linking...
Program Size: Code=9704 RO-data=308 RW-data=104 ZI-data=2280  
FromELF: creating hex file...
".\Objects\Object.axf" - 0 Error(s), 0 Warning(s).

<h2>Software Packages used:</h2>

Package Vendor: ARM
                http://www.keil.com/pack/ARM.CMSIS.5.8.0.pack
                ARM.CMSIS.5.8.0
                CMSIS (Common Microcontroller Software Interface Standard)
   * Component: CORE Version: 5.5.0

Package Vendor: GigaDevice
                http://gd32mcu.com/data/documents/pack/GigaDevice.GD32E23x_DFP.1.0.1.pack
                GigaDevice.GD32E23x_DFP.1.0.1
                GigaDevice GD32E23x Series Device Support and Examples

<h2>Collection of Component include folders:</h2>
  .\RTE\_GD32E230G8U6_ACT
  C:\Users\gongz\AppData\Local\Arm\Packs\ARM\CMSIS\5.8.0\CMSIS\Core\Include
  C:\Users\gongz\AppData\Local\Arm\Packs\GigaDevice\GD32E23x_DFP\1.0.1\Device\Include

<h2>Collection of Component Files used:</h2>

   * Component: ARM::CMSIS:CORE:5.5.0
Build Time Elapsed:  00:00:01
</pre>
</body>
</html>
